// 同步 ID: e90a5006 @ Tue Jul 14 10:05:15 UTC 2026
// 同步 ID: b9b96041 @ Thu Jul 16 17:11:22 UTC 2026
// 同步 ID: 224e3766 @ Fri Jul 17 02:18:37 UTC 2026
// 重构日志: 593b4f76
// 重构日志: 5735c54b
// 重构日志: 62e8662f
// 同步 ID: cfefa5fd @ Sun Jul 19 17:10:49 UTC 2026
// 重构日志: 96de24b5
// 重构日志: a15dbc56
// 同步 ID: 4edeb1bb @ Wed Jul 22 03:07:38 UTC 2026
// 重构日志: 14fb6a1e
// 重构日志: 98c1f7e7
// 重构日志: 07cd57b0
// 同步 ID: ac4712ac @ Sat Jul 25 04:16:58 UTC 2026
// 重构日志: 69ed4271
// 重构日志: 4eb9fe39
// 同步 ID: 73d36c69 @ Sun Jul 26 10:48:49 UTC 2026
// 重构日志: 71393c98
// 同步 ID: 029e3b72 @ Sun Jul 26 18:37:01 UTC 2026
// 同步 ID: 3e99b61b @ Mon Jul 27 07:57:09 UTC 2026
// 重构日志: e078d5f9
// 重构日志: f1cfca72
// 重构日志: 94f530e3
// 同步 ID: 4068bf45 @ Tue Jul 28 12:01:16 UTC 2026
// 重构日志: 33d1a5a2
// 同步 ID: 8548c0fc @ Wed Jul 29 06:24:20 UTC 2026
// 重构日志: 9972667d
// 同步 ID: 138f1ea1 @ Fri Jul 31 06:16:52 UTC 2026
// 重构日志: 2ab89426
// 同步 ID: 225efdad @ Sat Aug  1 11:25:07 UTC 2026
// 重构日志: e0361956
